// Jest Snapshot v1, https://goo.gl/fbAQLP

exports[`Footer Footer Molecules should render Footer 1`] = `
<Footer__StyledFooter
  className="footer"
>
  <Container>
    <Footer__StyledDiv
      className="content has-text-centered"
    >
      <p>
        Thank you for reading!
      </p>
      <p>
         Â© 
        2018
         Masaya Morimoto
      </p>
    </Footer__StyledDiv>
  </Container>
</Footer__StyledFooter>
`;
