// Jest Snapshot v1, https://goo.gl/fbAQLP

exports[`Heading Headline Atoms should render Headline 1`] = `
<Headline__StyledTitle>
  Headline
</Headline__StyledTitle>
`;
