// Jest Snapshot v1, https://goo.gl/fbAQLP

exports[`Heading SubHeading Atoms should render SubHeading 1`] = `
<SubHeading__StyledSubTitle
  className="is-size-4-mobile is-size-3-desktop is-size-3-tablet"
>
  SubHeading
</SubHeading__StyledSubTitle>
`;
