// Jest Snapshot v1, https://goo.gl/fbAQLP

exports[`Paragraph ParagraphTitle Atoms should render ParagraphTitle 1`] = `
<ParagraphTitle__StyledTitle>
  ParagraphTitle
</ParagraphTitle__StyledTitle>
`;
