// Jest Snapshot v1, https://goo.gl/fbAQLP

exports[`Link ModalLink Atoms should render ModalLink 1`] = `
<ModalLink__StyledField
  grouped={true}
  onClick={[Function]}
>
  - Click & More
</ModalLink__StyledField>
`;
