// Jest Snapshot v1, https://goo.gl/fbAQLP

exports[`LandingPage LandingPage Molecules should render LandingPage 1`] = `<LandingPage />`;
